#
  0.79 RPi: BOOTSYS release VERSION:ab8a9dde DATE: 2026/01/21 TIME: 13:38:47
  0.79 BOOTMODE: 0x06 partition 0 build-ts BUILD_TIMESTAMP=1769002727 serial 1239e4ba boardrev b04171 stc 796949
  0.80 AON_RESET: 00000003 PM_RSTS 00000020
  0.81 POWER_OFF_ON_HALT: 0 WAIT_FOR_POWER_BUTTON 0 power-on-reset 0
  0.82 RP1_BOOT chip ID: 0x20001927
  0.82 PCIEx1: PWR 0 DET_WAKE 0
  0.82 part 00000000 reset_info 00000000
  0.82 PMIC reset-event 00000000 rtc 0000a5e4 alarm 00000000 enabled 0
  0.83 uSD voltage 3.3V
  0.84 SDRAM_CONFIG: 06
  0.84 Initialising SDRAM rank 1 total-size: 16Gbit 4267 part: 0 (0x06 0x06)
  0.84 DDR 4267 0 0 16 152 BL:1
  1.34 RP1 FW: load 0
  1.35 RP1_BOOT chip ID: 0x20001927
  2.08 RP1 FW: load 1
  2.49 OTP boardrev b04171 bootrom a a
  2.49 Customer key hash 0000000000000000000000000000000000000000000000000000000000000000
  2.50 VC-JTAG unlocked
  2.52 RP1_BOOT chip ID: 0x20001927

  3.15 PCI2 init
  3.15 PCI2 reset
  3.20 PCIe scan 00001de4:00000001
  3.20 RP1_CHIP_INFO 20001927

  3.20 RPi: BOOTLOADER release VERSION:ab8a9dde DATE: 2026/01/21 TIME: 13:38:47
  3.21 BOOTMODE: 0x06 partition 0 build-ts BUILD_TIMESTAMP=1769002727 serial 1239e4ba boardrev b04171 stc 3214873
  3.22 PCIEx1: PWR 0 DET_WAKE 0
  3.27 M.2 PCIe HAT not detected.
  3.25 usb_pd_init status 3
  3.25 USB_PD CONFIG 0 43
  3.26 XHCI-STOP
  3.26 xHC0 ver: 272 HCS: 03000440 140000f1 07ff000a HCC: 0240fe6d
  3.27 USBSTS 1
  3.27 xHC0 ver: 272 HCS: 03000440 140000f1 07ff000a HCC: 0240fe6d
  3.28 xHC0 ports 3 slots 64 intrs 4
  3.29 XHCI-STOP
  3.29 xHC1 ver: 272 HCS: 03000440 140000f1 07ff000a HCC: 0240fe6d
  3.29 USBSTS 1
  3.30 xHC1 ver: 272 HCS: 03000440 140000f1 07ff000a HCC: 0240fe6d
  3.30 xHC1 ports 3 slots 64 intrs 4
  3.31 USB-PD: src-cap PDO object1 0x0a0191f4
  3.31 Current 5000 mA
  3.31 Voltage 5000 mV
  3.31 USB-PD: src-cap PDO object2 0x0002d12c
  3.32 Current 3000 mA
  3.32 Voltage 9000 mV
  3.32 USB-PD: src-cap PDO object3 0x0003c0fa
  3.33 Current 2500 mA
  3.33 Voltage 12000 mV
  3.33 USB-PD: src-cap PDO object4 0x0004b0c8
  3.33 Current 2000 mA
  3.34 Voltage 15000 mV
  3.34 USB-PD: src-cap PDO object5 0xc8dc213c
  3.34 USB-PD: src-cap PDO object6 0xc9402128
  3.39 SD_OC: 0
  3.91 Boot mode: SD (01) order f4
  3.90 SD HOST: 200000000 CTL0: 0x00800000 BUS: 400000 Hz actual: 390625 HZ div: 512 (256) status: 0x1fff0000 delay: 276
  3.91 SD HOST: 200000000 CTL0: 0x00800f00 BUS: 400000 Hz actual: 390625 HZ div: 512 (256) status: 0x1fff0000 delay: 276
  4.14 OCR c0ff8000 [346]
CID: 0003534453443332478539feacb1019c
CSD: 400e00325b590000edc87f800a404000
  4.15 SD: bus-width: 4 spec: 2 SCR: 0x02358043 0x00000000
  4.16 SD HOST: 200000000 CTL0: 0x00800f04 BUS: 50000000 Hz actual: 50000000 HZ div: 4 (2) status: 0x1fff0000 delay: 2
  4.17 MBR: 0x00004000, 1048576 type: 0x0c
  4.17 MBR: 0x00104000,61268992 type: 0x83
  4.17 MBR: 0x00000000,       0 type: 0x00
  4.18 MBR: 0x00000000,       0 type: 0x00
  4.87 Trying partition: 0
  4.90 type: 32 lba: 16384 'mkfs.fat' ' bootfs     ' clusters 261116 (4)
  4.19 rsc 32 fat-sectors 2040 root dir cluster 2 sectors 0 entries 0
  4.20 FAT32 clusters 261116
  4.21 [sdcard] autoboot.txt not found
  4.21 Select partition rsts 0 C(boot_partition) 0 EEPROM config 0 result 1
  4.17 Trying partition: 1
  4.20 type: 32 lba: 16384 'mkfs.fat' ' bootfs     ' clusters 261115 (4)
  4.22 rsc 32 fat-sectors 2040 root dir cluster 2 sectors 0 entries 0
  4.23 FAT32 clusters 261115
  4.37 Read config.txt bytes       20 hnd 0x14c18
  4.24 [sdcard] pieeprom.upd not found
  4.43 usb_max_current_enable default 0 max-current 5000
  4.54 Read bcm2712-rpi-5-b.dtb bytes    78765 hnd 0x125
  4.25 dt-match: compatible: raspberrypi,5-model-b match: brcm,bcm2712
  4.26 dt-match: compatible: brcm,bcm2712 match: brcm,bcm2712
  4.27 MESS:00:00:04.279972:0: *** Restart logging
  4.83 Read /config.txt bytes       20 hnd 0x14c18
  4.28 MESS:00:00:04.286771:0: board: boardrev b04171 otp b04171
  4.93 Read /config.txt bytes       20 hnd 0x14c18
  4.29 MESS:00:00:04.299488:0: Initial voltage 800000 temp 43325
  4.49 MESS:00:00:04.499925:0: avs_2712: AVS pred 8418 841800 temp 42226
  4.50 MESS:00:00:04.503532:0: vpred 841 mV +0
  4.50 MESS:00:00:04.507738:0: over-voltage idle: 0 avs: 81800 delta: 0 (0x00000000)
  4.51 MESS:00:00:04.519861:0: FB framebuffer_swap 1
  4.53 MESS:00:00:04.539553:0: Select resolution HDMI0/2 hotplug 0 max_mode 2
  4.54 MESS:00:00:04.543608:0: Select resolution HDMI1/2 hotplug 0 max_mode 2
  4.55 MESS:00:00:04.552202:0: dtb_file 'bcm2712-rpi-5-b.dtb'
  4.55 Loading 'bcm2712-rpi-5-b.dtb' to 0x00000000 offset 0x100
  4.67 Read bcm2712-rpi-5-b.dtb bytes    78765 hnd 0x125
  4.06 Read /overlays/overlay_map.dtb bytes     5887 hnd 0x8c0d
  4.17 Read /overlays/bcm2712d0.dtbo bytes     1363 hnd 0x8add
  4.64 MESS:00:00:04.640454:0: Loaded overlay 'bcm2712d0'
  4.70 PCIEx1: PWR 0 DET_WAKE 0
  4.19 Read /config.txt bytes       20 hnd 0x14c18
  4.86 Read /cmdline.txt bytes      214 hnd 0xf8a7
  4.78 MESS:00:00:04.788001:0: Read command line from file 'cmdline.txt':
  4.79 MESS:00:00:04.794505:0: 'console=serial0,115200 console=tty1 root=PARTUUID=3a2f4345-02 rootfstype=ext4 fsck.repair=yes rootwait quiet splash plymouth.ignore-serial-consoles ds=nocloud;i=rpi-imager-1775837070842 cfg80211.ieee80211_regdom=CN'
  4.99 MESS:00:00:04.995005:0: RPM 4004, max RPM 4004
  5.04 BMD "armstub8-2712.bin" not found
  5.49 fs_open: 'armstub8-2712.bin'
  5.05 Loading 'ifs-rpi5.bin' to 0x00000000 offset 0x200000
  6.48 Read ifs-rpi5.bin bytes 42355372 hnd 0xf8a8
  6.87 MESS:00:00:06.872594:0: Kernel relocated to 0x80000
  6.87 MESS:00:00:06.874984:0: Device tree loaded to 0x2efec500 (size 0x13a40)
  6.88 PCI1 reset
  6.89 PCI2 reset
  6.90 set_reboot_order 0
  6.90 set_reboot_arg1 0
  6.90 USB-OTG disconnect
  6.94 MESS:00:00:06.947135:0: Starting OS 6947 ms
  6.95 MESS:00:00:06.952658:0: 00000040: -> 00000480
  6.95 MESS:00:00:06.954506:0: 00000030: -> 00100080
  6.95 MESS:00:00:06.959219:0: 00000034: -> 00100080
  6.96 MESS:00:00:06.963932:0: 00000038: -> 00100080
  6.96 MESS:00:00:06.968644:0: 0000003c: -> 00100080

NOTICE:  BL31: v2.6(release):v2.6-240-gfc45bc492
NOTICE:  BL31: Built : 12:55:13, Dec  4 2024
.....
Failed to get FDT PSCI
Hypervisor support disabled
MMU: 16-bit ASID 40-bit PA TCR_EL1=00000012b5183519
GICv2: 320 interrupts
GICv2: routing SPIs to gic cpu 0
cpu0: MPIDR=0000000081000000
cpu0: MIDR=414fd0b1 Cortex-A76 r4p1
cpu0: DCZID_EL0=0x00000004 (64 bytes)
cpu0: CWG=4 ERG=4 Dminline=4 Iminline=4 PIPT
cpu0: CLIDR=c3000123 LoUU=0 LoC=3 LoUIS=0
cpu0: L1 Icache 64K linesz=64 set/way=256/4
cpu0: L1 Dcache 64K linesz=64 set/way=256/4
cpu0: L2 Unified 512K linesz=64 set/way=1024/8
cpu0: L3 Unified 2048K linesz=64 set/way=2048/16
cpu0: GICv2 cpu interface 0
fdt: found node compatible with brcm,bcm2712d0-aon-pinctrl
Loading IFS...done
cpu1: MPIDR=0000000081000100
cpu1: MIDR=414fd0b1 Cortex-A76 r4p1
cpu1: DCZID_EL0=0x00000004 (64 bytes)
cpu1: CWG=4 ERG=4 Dminline=4 Iminline=4 PIPT
cpu1: CLIDR=c3000123 LoUU=0 LoC=3 LoUIS=0
cpu1: L1 Icache 64K linesz=64 set/way=256/4
cpu1: L1 Dcache 64K linesz=64 set/way=256/4
cpu1: L2 Unified 512K linesz=64 set/way=1024/8
cpu1: L3 Unified 2048K linesz=64 set/way=2048/16
cpu1: GICv2 cpu interface 1
cpu2: MPIDR=0000000081000200
cpu2: MIDR=414fd0b1 Cortex-A76 r4p1
cpu2: DCZID_EL0=0x00000004 (64 bytes)
cpu2: CWG=4 ERG=4 Dminline=4 Iminline=4 PIPT
cpu2: CLIDR=c3000123 LoUU=0 LoC=3 LoUIS=0
cpu2: L1 Icache 64K linesz=64 set/way=256/4
cpu2: L1 Dcache 64K linesz=64 set/way=256/4
cpu2: L2 Unified 512K linesz=64 set/way=1024/8
cpu2: L3 Unified 2048K linesz=64 set/way=2048/16
cpu2: GICv2 cpu interface 2
cpu3: MPIDR=0000000081000300
cpu3: MIDR=414fd0b1 Cortex-A76 r4p1
cpu3: DCZID_EL0=0x00000004 (64 bytes)
cpu3: CWG=4 ERG=4 Dminline=4 Iminline=4 PIPT
cpu3: CLIDR=c3000123 LoUU=0 LoC=3 LoUIS=0
cpu3: L1 Icache 64K linesz=64 set/way=256/4
cpu3: L1 Dcache 64K linesz=64 set/way=256/4
cpu3: L2 Unified 512K linesz=64 set/way=1024/8
cpu3: L3 Unified 2048K linesz=64 set/way=2048/16
cpu3: GICv2 cpu interface 3

jefby System page at phys:00000000028ef000 user:ffffff8040208000 kern:ffffff8040204000
jefby Starting next program at vffffff80600754b0
syspage::hypinfo::flags=0x00000000

Welcome to QNX 8.0.0 on RaspberryPi5 !

Starting WatchDog ...
Starting PCI Server ...
Starting serial driver (/dev/ser10)
RP1 support 61 MSI-X IRQs, setup 7 IRQs
Starting SPI driver
Starting SDMMC driver (/dev/sd0)
Starting USB xHCI controller in the host mode (/dev/usb/*)...
Starting devf-ram filesystem ...
Starting networking ...
Starting DHCP client ...
Starting SSH daemon ...
Starting OTA client ...
Starting I2C driver
Starting fan control driver
Starting shell ...
=== BCM2712 Fan Controller ===
System time is invalid: Thu Jan  1 08:00:05 CST 1970. Synchronizing time with NTP server...
# uname -a
QNX localhost 8.0.0 2025/07/30-19:17:34EDT RaspberryPi5 aarch64le